#-----------------------------------------------------------
# Vivado v2019.2 (64-bit)
# SW Build 2708876 on Wed Nov  6 21:40:23 MST 2019
# IP Build 2700528 on Thu Nov  7 00:09:20 MST 2019
# Start of session at: Thu May 22 20:18:08 2025
# Process ID: 22180
# Current directory: C:/Users/Timothy/Desktop/lab3
# Command line: vivado.exe -gui_launcher_event rodinguilauncherevent28888 C:\Users\Timothy\Desktop\lab3\lab3.xpr
# Log file: C:/Users/Timothy/Desktop/lab3/vivado.log
# Journal file: C:/Users/Timothy/Desktop/lab3\vivado.jou
#-----------------------------------------------------------
start_gui
open_project C:/Users/Timothy/Desktop/lab3/lab3.xpr
Scanning sources...
Finished scanning sources
INFO: [IP_Flow 19-234] Refreshing IP repositories
INFO: [IP_Flow 19-1704] No user IP repositories specified
INFO: [IP_Flow 19-2313] Loaded Vivado IP repository 'E:/Xilinx/Vivado/2019.2/data/ip'.
open_project: Time (s): cpu = 00:00:14 ; elapsed = 00:00:06 . Memory (MB): peak = 887.996 ; gain = 213.676
update_compile_order -fileset sources_1
launch_simulation
Command: launch_simulation 
INFO: [Vivado 12-5682] Launching behavioral simulation in 'C:/Users/Timothy/Desktop/lab3/lab3.sim/sim_1/behav/xsim'
INFO: [SIM-utils-51] Simulation object is 'sim_1'
INFO: [SIM-utils-54] Inspecting design source files for 'zero_sequence_detector_tb' in fileset 'sim_1'...
INFO: [USF-XSim-97] Finding global include files...
INFO: [USF-XSim-98] Fetching design files from 'sim_1'...
INFO: [USF-XSim-2] XSim::Compile design
INFO: [USF-XSim-61] Executing 'COMPILE and ANALYZE' step in 'C:/Users/Timothy/Desktop/lab3/lab3.sim/sim_1/behav/xsim'
"xvlog --incr --relax -prj zero_sequence_detector_tb_vlog.prj"
INFO: [USF-XSim-69] 'compile' step finished in '1' seconds
INFO: [USF-XSim-3] XSim::Elaborate design
INFO: [USF-XSim-61] Executing 'ELABORATE' step in 'C:/Users/Timothy/Desktop/lab3/lab3.sim/sim_1/behav/xsim'
"xelab -wto 8b9a8d5e40884c3d9939f2dec87e467d --incr --debug typical --relax --mt 2 -L xil_defaultlib -L unisims_ver -L unimacro_ver -L secureip --snapshot zero_sequence_detector_tb_behav xil_defaultlib.zero_sequence_detector_tb xil_defaultlib.glbl -log elaborate.log"
Vivado Simulator 2019.2
Copyright 1986-1999, 2001-2019 Xilinx, Inc. All Rights Reserved.
Running: E:/Xilinx/Vivado/2019.2/bin/unwrapped/win64.o/xelab.exe -wto 8b9a8d5e40884c3d9939f2dec87e467d --incr --debug typical --relax --mt 2 -L xil_defaultlib -L unisims_ver -L unimacro_ver -L secureip --snapshot zero_sequence_detector_tb_behav xil_defaultlib.zero_sequence_detector_tb xil_defaultlib.glbl -log elaborate.log 
Using 2 slave threads.
Starting static elaboration
Pass Through NonSizing Optimizer
Completed static elaboration
INFO: [XSIM 43-4323] No Change in HDL. Linking previously generated obj files to create kernel
INFO: [USF-XSim-69] 'elaborate' step finished in '1' seconds
INFO: [USF-XSim-4] XSim::Simulate design
INFO: [USF-XSim-61] Executing 'SIMULATE' step in 'C:/Users/Timothy/Desktop/lab3/lab3.sim/sim_1/behav/xsim'
INFO: [USF-XSim-98] *** Running xsim
   with args "zero_sequence_detector_tb_behav -key {Behavioral:sim_1:Functional:zero_sequence_detector_tb} -tclbatch {zero_sequence_detector_tb.tcl} -log {simulate.log}"
INFO: [USF-XSim-8] Loading simulator feature
Vivado Simulator 2019.2
Time resolution is 1 ps
source zero_sequence_detector_tb.tcl
# set curr_wave [current_wave_config]
# if { [string length $curr_wave] == 0 } {
#   if { [llength [get_objects]] > 0} {
#     add_wave /
#     set_property needs_save false [current_wave_config]
#   } else {
#      send_msg_id Add_Wave-1 WARNING "No top level signals found. Simulator will start without a wave window. If you want to open a wave window go to 'File->New Waveform Configuration' or type 'create_wave_config' in the TCL console."
#   }
# }
# run 1000ns
--- Starting Simulation ---
Time=20000, State=001, rst=0, I=0, O=0
Time=25000, State=011, rst=0, I=0, O=0
Time=35000, State=010, rst=0, I=0, O=0
Time=45000, State=100, rst=0, I=0, O=1
Time=70000, State=100, rst=0, I=1, O=0
Time=75000, State=000, rst=0, I=1, O=0
Time=80000, State=000, rst=0, I=0, O=0
Time=85000, State=001, rst=0, I=0, O=0
Time=95000, State=011, rst=0, I=0, O=0
Time=100000, State=011, rst=0, I=1, O=0
Time=105000, State=000, rst=0, I=1, O=0
Time=110000, State=000, rst=0, I=0, O=0
Time=115000, State=001, rst=0, I=0, O=0
Time=125000, State=011, rst=0, I=0, O=0
Time=135000, State=010, rst=0, I=0, O=0
Time=145000, State=100, rst=0, I=0, O=1
Time=160000, State=100, rst=0, I=1, O=0
Time=165000, State=000, rst=0, I=1, O=0
--- Ending Simulation ---
$finish called at time : 210 ns : File "C:/Users/Timothy/Desktop/lab3/lab3.srcs/sim_1/new/testbench.v" Line 80
INFO: [USF-XSim-96] XSim completed. Design snapshot 'zero_sequence_detector_tb_behav' loaded.
INFO: [USF-XSim-97] XSim simulation ran for 1000ns
launch_simulation: Time (s): cpu = 00:00:07 ; elapsed = 00:00:06 . Memory (MB): peak = 986.191 ; gain = 48.934
close_sim
INFO: [Simtcl 6-16] Simulation closed
exit
INFO: [Common 17-206] Exiting Vivado at Thu May 22 20:46:38 2025...
