#-----------------------------------------------------------
# Vivado v2019.2 (64-bit)
# SW Build 2708876 on Wed Nov  6 21:40:23 MST 2019
# IP Build 2700528 on Thu Nov  7 00:09:20 MST 2019
# Start of session at: Thu May 22 19:52:38 2025
# Process ID: 12464
# Current directory: C:/Users/Timothy/Desktop/学习资料/A-GitHub/大二下/数字逻辑/lab/实验二 组合电路设计/lab2_total/lab2
# Command line: vivado.exe -gui_launcher_event rodinguilauncherevent37312 C:\Users\Timothy\Desktop\学习资料\A-GitHub\大二下\数字逻辑\lab\实验二 组合电路设计\lab2_total\lab2\lab2.xpr
# Log file: C:/Users/Timothy/Desktop/学习资料/A-GitHub/大二下/数字逻辑/lab/实验二 组合电路设计/lab2_total/lab2/vivado.log
# Journal file: C:/Users/Timothy/Desktop/学习资料/A-GitHub/大二下/数字逻辑/lab/实验二 组合电路设计/lab2_total/lab2\vivado.jou
#-----------------------------------------------------------
start_gui
open_project {C:/Users/Timothy/Desktop/学习资料/A-GitHub/大二下/数字逻辑/lab/实验二 组合电路设计/lab2_total/lab2/lab2.xpr}
INFO: [ProjectBase 1-489] The host OS only allows 260 characters in a normal path. The project is stored in a path with more than 80 characters. If you experience issues with IP, Block Designs, or files not being found, please consider moving the project to a location with a shorter path. Alternately consider using the OS subst command to map part of the path to a drive letter.
Current project path is 'C:/Users/Timothy/Desktop/学习资料/A-GitHub/大二下/数字逻辑/lab/实验二 组合电路设计/lab2_total/lab2'
INFO: [Project 1-313] Project file moved from 'C:/Users/Timothy/Desktop/lab2/lab2' since last save.
Scanning sources...
Finished scanning sources
INFO: [IP_Flow 19-234] Refreshing IP repositories
INFO: [IP_Flow 19-1704] No user IP repositories specified
INFO: [IP_Flow 19-2313] Loaded Vivado IP repository 'E:/Xilinx/Vivado/2019.2/data/ip'.
update_compile_order -fileset sources_1
exit
INFO: [Common 17-206] Exiting Vivado at Thu May 22 19:56:20 2025...
